Microchip MPLAB XC8 Compiler V1.44 ()

Linker command line:

-W-3 --edf=C:\Program Files (x86)\Microchip\xc8\v1.44\dat\en_msgs.txt -cs \
  -h+dist/default/production\access_control.production.sym \
  --cmf=dist/default/production\access_control.production.cmf -z -Q16F628A \
  -oC:\Users\JEFFER~1\AppData\Local\Temp\sc1k.2 \
  -Mdist/default/production/access_control.production.map -E1 -ver=XC8 \
  -ASTACK=0A0h-0efh -pstack=STACK -ACODE=00h-07FFh -ASTRCODE=00h-07FFh \
  -ASTRING=00h-0FFhx8 -ACONST=00h-0FFhx8 -AENTRY=00h-0FFhx8 \
  -ACOMMON=070h-07Fh -ABANK0=020h-06Fh -ABANK1=0A0h-0EFh \
  -ABANK2=0120h-014Fh -ARAM=020h-06Fh,0A0h-0EFh,0120h-014Fh \
  -AABS1=020h-07Fh,0A0h-0EFh,0120h-014Fh -ASFR0=00h-01Fh -ASFR1=080h-09Fh \
  -ASFR2=0100h-011Fh -ASFR3=0180h-01EFh \
  -preset_vec=00h,intentry=04h,init,end_init -ppowerup=CODE -pcinit=CODE \
  -pfunctab=ENTRY -ACONFIG=02007h-02007h -pconfig=CONFIG -DCONFIG=2 \
  -AIDLOC=02000h-02003h -pidloc=IDLOC -DIDLOC=2 -AEEDATA=00h-07Fh/02100h \
  -peeprom_data=EEDATA -DEEDATA=2 -DCODE=2 -DSTRCODE=2 -DSTRING=2 -DCONST=2 \
  -DENTRY=2 -k C:\Users\JEFFER~1\AppData\Local\Temp\sc1k.obj \
  dist/default/production\access_control.production.obj 

Object code version is 3.11

Machine type is 16F628A



                Name                               Link     Load   Length Selector   Space Scale
C:\Users\JEFFER~1\AppData\Local\Temp\sc1k.obj
                end_init                             10       10        1        8       0
                reset_vec                             0        0        1        0       0
                config                             2007     2007        1     400E       0
dist/default/production\access_control.production.obj
                cinit                                11       11       1C        8       0
                functab                              2D       2D        8       5A       0
                intentry                              4        4        C        8       0
                text22                               A3       A3       31       6A       0
                text21                              1A3      1A3       10       6A       0
                text20                              153      153       19       6A       0
                text19                              1C2      1C2        F       6A       0
                text18                              1DF      1DF        E       6A       0
                text17                              228      228        7       6A       0
                text16                              217      217        9       6A       0
                text15                               FF       FF       2B       6A       0
                text14                              239      239        1       6A       0
                text13                              235      235        3       6A       0
                text12                              220      220        8       6A       0
                text11                              1B3      1B3        F       6A       0
                text10                              1ED      1ED        D       6A       0
                text9                               17F      17F       13       6A       0
                text8                                D4       D4       2B       6A       0
                text7                               12A      12A       29       6A       0
                text6                               16C      16C       13       6A       0
                text5                               20E      20E        9       6A       0
                text4                                35       35       6E       6A       0
                text3                               192      192       11       6A       0
                text2                               204      204        A       6A       0
                text1                               1FA      1FA        A       6A       0
                maintext                            1D1      1D1        E       6A       0
                cstackBANK0                          2A       2A        A       20       1
                cstackCOMMON                         70       70        7       70       1
                dataBANK0                            34       34        6       20       1
                bssBANK0                             20       20        A       20       1
                dataCOMMON                           79       79        1       70       1
                bssCOMMON                            77       77        2       70       1
                idataBANK0                          22F      22F        6       6A       0
                idataCOMMON                         238      238        1       6A       0

TOTAL           Name                               Link     Load   Length     Space
        CLASS   STACK          

        CLASS   CODE           
                end_init                             10       10        1         0
                cinit                                11       11       1C         0
                intentry                              4        4        C         0
                reset_vec                             0        0        1         0
                text22                               A3       A3       31         0
                text21                              1A3      1A3       10         0
                text20                              153      153       19         0
                text19                              1C2      1C2        F         0
                text18                              1DF      1DF        E         0
                text17                              228      228        7         0
                text16                              217      217        9         0
                text15                               FF       FF       2B         0
                text14                              239      239        1         0
                text13                              235      235        3         0
                text12                              220      220        8         0
                text11                              1B3      1B3        F         0
                text10                              1ED      1ED        D         0
                text9                               17F      17F       13         0
                text8                                D4       D4       2B         0
                text7                               12A      12A       29         0
                text6                               16C      16C       13         0
                text5                               20E      20E        9         0
                text4                                35       35       6E         0
                text3                               192      192       11         0
                text2                               204      204        A         0
                text1                               1FA      1FA        A         0
                maintext                            1D1      1D1        E         0
                idataBANK0                          22F      22F        6         0
                idataCOMMON                         238      238        1         0

        CLASS   STRCODE        

        CLASS   STRING         

        CLASS   CONST          

        CLASS   ENTRY          
                functab                              2D       2D        8         0

        CLASS   COMMON         
                cstackCOMMON                         70       70        7         1
                dataCOMMON                           79       79        1         1
                bssCOMMON                            77       77        2         1

        CLASS   BANK0          
                cstackBANK0                          2A       2A        A         1
                dataBANK0                            34       34        6         1
                bssBANK0                             20       20        A         1

        CLASS   BANK1          

        CLASS   BANK2          

        CLASS   RAM            

        CLASS   ABS1           
                abs_s1                               7E       7E        2         1

        CLASS   SFR0           

        CLASS   SFR1           

        CLASS   SFR2           

        CLASS   SFR3           

        CLASS   CONFIG         
                config                             2007     2007        1         0

        CLASS   IDLOC          

        CLASS   EEDATA         

        CLASS   BANK3          



SEGMENTS        Name                           Load    Length   Top    Selector   Space  Class     Delta

                reset_vec                      000000  000001  000001         0       0  CODE        2
                intentry                       000004  000029  00002D         8       0  CODE        2
                bssBANK0                       000020  00001A  00003A        20       1  BANK0       1
                functab                        00002D  000008  000035        5A       0  ENTRY       2
                text4                          000035  000205  00023A        6A       0  CODE        2
                cstackCOMMON                   000070  00000A  00007A        70       1  COMMON      1
                config                         002007  000001  002008      400E       0  CONFIG      2


UNUSED ADDRESS RANGES

        Name                Unused          Largest block    Delta
        BANK0            003A-006F             36           1
        BANK1            00A0-00EF             50           1
        BANK2            0120-014F             30           1
        CODE             0001-0003              3           2
                         023A-07FF            5C6
        COMMON           007A-007D              4           1
        CONST            0001-0003              3           2
                         023A-07FF            100
        EEDATA           2100-217F             80           2
        ENTRY            0001-0003              3           2
                         023A-07FF            100
        IDLOC            2000-2003              4           2
        RAM              003A-006F             36           1
                         00A0-00EF             50
                         0120-014F             30
        SFR0             0000-001F             20           1
        SFR1             0080-009F             20           1
        SFR2             0100-011F             20           1
        SFR3             0180-01EF             70           1
        STACK            00A0-00EF             50           1
        STRCODE          0001-0003              3           2
                         023A-07FF            5C6
        STRING           0001-0003              3           2
                         023A-07FF            100

                                  Symbol Table

_INTCONbits                        (abs)        000B
_OPTION_REG                        (abs)        0081
_PIE1bits                          (abs)        008C
_PIR1bits                          (abs)        000C
_PORTAbits                         (abs)        0005
_PORTBbits                         (abs)        0006
_T1CON                             (abs)        0010
_TMR0                              (abs)        0001
_TRISA                             (abs)        0085
_TRISB                             (abs)        0086
__CFG_BOREN$ON                     (abs)        0000
__CFG_CP$OFF                       (abs)        0000
__CFG_CPD$OFF                      (abs)        0000
__CFG_FOSC$INTOSCIO                (abs)        0000
__CFG_LVP$ON                       (abs)        0000
__CFG_MCLRE$ON                     (abs)        0000
__CFG_PWRTE$OFF                    (abs)        0000
__CFG_WDTE$ON                      (abs)        0000
__Habs1                            abs1         0000
__Hbank0                           bank0        0000
__Hbank1                           bank1        0000
__Hbank2                           bank2        0000
__Hbank3                           bank3        0000
__HbssBANK0                        bssBANK0     0000
__HbssCOMMON                       bssCOMMON    0000
__Hcinit                           cinit        002D
__Hclrtext                         clrtext      0000
__Hcode                            code         0000
__Hcommon                          common       0000
__Hconfig                          config       2008
__HcstackBANK0                     cstackBANK0  0000
__HcstackCOMMON                    cstackCOMMON 0000
__HdataBANK0                       dataBANK0    0000
__HdataCOMMON                      dataCOMMON   0000
__Heeprom_data                     eeprom_data  0000
__Hend_init                        end_init     0011
__Hfunctab                         functab      0035
__HidataBANK0                      idataBANK0   0000
__HidataCOMMON                     idataCOMMON  0000
__Hidloc                           idloc        0000
__Hinit                            init         0010
__Hintentry                        intentry     0010
__Hmaintext                        maintext     0000
__Hpowerup                         powerup      0000
__Hram                             ram          0000
__Hreset_vec                       reset_vec    0001
__Hsfr0                            sfr0         0000
__Hsfr1                            sfr1         0000
__Hsfr2                            sfr2         0000
__Hsfr3                            sfr3         0000
__Hspace_0                         (abs)        2008
__Hspace_1                         (abs)        007A
__Hspace_2                         (abs)        0000
__Hspace_3                         (abs)        0000
__Hstack                           stack        0000
__Hstrings                         strings      0000
__Htext                            text         0000
__Labs1                            abs1         0000
__Lbank0                           bank0        0000
__Lbank1                           bank1        0000
__Lbank2                           bank2        0000
__Lbank3                           bank3        0000
__LbssBANK0                        bssBANK0     0000
__LbssCOMMON                       bssCOMMON    0000
__Lcinit                           cinit        0011
__Lclrtext                         clrtext      0000
__Lcode                            code         0000
__Lcommon                          common       0000
__Lconfig                          config       2007
__LcstackBANK0                     cstackBANK0  0000
__LcstackCOMMON                    cstackCOMMON 0000
__LdataBANK0                       dataBANK0    0000
__LdataCOMMON                      dataCOMMON   0000
__Leeprom_data                     eeprom_data  0000
__Lend_init                        end_init     0010
__Lfunctab                         functab      002D
__LidataBANK0                      idataBANK0   0000
__LidataCOMMON                     idataCOMMON  0000
__Lidloc                           idloc        0000
__Linit                            init         0010
__Lintentry                        intentry     0004
__Lmaintext                        maintext     0000
__Lpowerup                         powerup      0000
__Lram                             ram          0000
__Lreset_vec                       reset_vec    0000
__Lsfr0                            sfr0         0000
__Lsfr1                            sfr1         0000
__Lsfr2                            sfr2         0000
__Lsfr3                            sfr3         0000
__Lspace_0                         (abs)        0000
__Lspace_1                         (abs)        0000
__Lspace_2                         (abs)        0000
__Lspace_3                         (abs)        0000
__Lstack                           stack        0000
__Lstrings                         strings      0000
__Ltext                            text         0000
__S0                               (abs)        2008
__S1                               (abs)        007A
__S2                               (abs)        0000
__S3                               (abs)        0000
___int_sp                          stack        0000
___latbits                         (abs)        0000
___sp                              stack        0000
__end_of__fptable                  functab      0035
__end_of__initialization           cinit        002B
__end_of_cancela_entrada_close     text19       01D1
__end_of_cancela_entrada_open      text18       01ED
__end_of_cancela_init              text21       01B3
__end_of_cancela_task              text13       0238
__end_of_handle_cancela_entrada    text15       012A
__end_of_handle_cancela_saida      text14       023A
__end_of_ihm_init                  text12       0228
__end_of_key_read                  text11       01C2
__end_of_main                      maintext     01DF
__end_of_motor_entrada_init        text9        0192
__end_of_motor_entrada_set         text7        0153
__end_of_motor_handle              text4        00A3
__end_of_motor_init                text5        0217
__end_of_motor_off                 text10       01FA
__end_of_motor_saida_init          text6        017F
__end_of_motor_saida_set           text8        00FF
__end_of_motor_start               text20       016C
__end_of_motor_task                text3        01A3
__end_of_request_print_ticket      text2        020E
__end_of_tc_int                    text22       00D4
__end_of_ticket_ok                 text17       022F
__end_of_timer0_init               text1        0204
__end_of_veiculo_presente_entrada  text16       0220
__fptable                          functab      002D
__initialization                   cinit        0011
__pbssBANK0                        bssBANK0     0020
__pbssCOMMON                       bssCOMMON    0077
__pcstackBANK0                     cstackBANK0  002A
__pcstackCOMMON                    cstackCOMMON 0070
__pdataBANK0                       dataBANK0    0034
__pdataCOMMON                      dataCOMMON   0079
__pfunctab                         functab      002D
__pidataBANK0                      idataBANK0   022F
__pidataCOMMON                     idataCOMMON  0238
__pintentry                        intentry     0004
__pmaintext                        maintext     01D1
__ptext1                           text1        01FA
__ptext10                          text10       01ED
__ptext11                          text11       01B3
__ptext12                          text12       0220
__ptext13                          text13       0235
__ptext14                          text14       0239
__ptext15                          text15       00FF
__ptext16                          text16       0217
__ptext17                          text17       0228
__ptext18                          text18       01DF
__ptext19                          text19       01C2
__ptext2                           text2        0204
__ptext20                          text20       0153
__ptext21                          text21       01A3
__ptext22                          text22       00A3
__ptext3                           text3        0192
__ptext4                           text4        0035
__ptext5                           text5        020E
__ptext6                           text6        016C
__ptext7                           text7        012A
__ptext8                           text8        00D4
__ptext9                           text9        017F
__size_of__fptable                 (abs)        0000
__size_of_cancela_entrada_close    (abs)        0000
__size_of_cancela_entrada_open     (abs)        0000
__size_of_cancela_init             (abs)        0000
__size_of_cancela_task             (abs)        0000
__size_of_handle_cancela_entrada   (abs)        0000
__size_of_handle_cancela_saida     (abs)        0000
__size_of_ihm_init                 (abs)        0000
__size_of_key_read                 (abs)        0000
__size_of_main                     (abs)        0000
__size_of_motor_entrada_init       (abs)        0000
__size_of_motor_entrada_set        (abs)        0000
__size_of_motor_handle             (abs)        0000
__size_of_motor_init               (abs)        0000
__size_of_motor_off                (abs)        0000
__size_of_motor_saida_init         (abs)        0000
__size_of_motor_saida_set          (abs)        0000
__size_of_motor_start              (abs)        0000
__size_of_motor_task               (abs)        0000
__size_of_request_print_ticket     (abs)        0000
__size_of_tc_int                   (abs)        0000
__size_of_ticket_ok                (abs)        0000
__size_of_timer0_init              (abs)        0000
__size_of_veiculo_presente_entrada (abs)        0000
_cancela_entrada                   bssCOMMON    0078
_cancela_entrada_close             text19       01C2
_cancela_entrada_open              text18       01DF
_cancela_init                      text21       01A3
_cancela_saida                     bssCOMMON    0077
_cancela_task                      text13       0235
_debounce_botao                    dataCOMMON   0079
_handle_cancela_entrada            text15       00FF
_handle_cancela_saida              text14       0239
_ihm_init                          text12       0220
_key_read                          text11       01B3
_main                              maintext     01D1
_motor_entrada                     bssBANK0     0025
_motor_entrada_init                text9        017F
_motor_entrada_set                 text7        012A
_motor_handle                      text4        0035
_motor_handle$420                  cstackBANK0  002D
_motor_handle$421                  cstackBANK0  002F
_motor_init                        text5        020E
_motor_off                         text10       01ED
_motor_saida                       bssBANK0     0020
_motor_saida_init                  text6        016C
_motor_saida_set                   text8        00D4
_motor_start                       text20       0153
_motor_task                        text3        0192
_request_print_ticket              text2        0204
_tc_int                            text22       00A3
_ticket_ok                         text17       0228
_timer0_init                       text1        01FA
_timer_close                       dataBANK0    0036
_timer_motor                       dataBANK0    0034
_timer_signal                      dataBANK0    0038
_veiculo_presente_entrada          text16       0217
btemp                              (abs)        007E
end_of_initialization              cinit        002B
entry__motor_entrada_set           functab      0033
entry__motor_saida_set             functab      0034
fpbase                             functab      0032
fptable                            functab      002D
fptotal                            (abs)        0004
interrupt_function                 intentry     0004
intlevel0                          functab      002D
intlevel1                          functab      002D
intlevel2                          functab      002D
intlevel3                          functab      002D
intlevel4                          functab      002D
intlevel5                          functab      002D
motor_entrada_set@val              cstackCOMMON 0074
motor_handle@coils                 cstackBANK0  0031
motor_handle@motor                 cstackBANK0  0033
motor_handle@step                  cstackBANK0  0032
motor_off@motor                    cstackCOMMON 0075
motor_saida_set@val                cstackCOMMON 0074
motor_start@direction              cstackCOMMON 0074
motor_start@motor                  cstackBANK0  002A
motor_start@voltas                 cstackCOMMON 0075
reset_vec                          reset_vec    0000
saved_w                            (abs)        007E
stackhi                            (abs)        0000
stacklo                            (abs)        0000
start                              init         0010
start_initialization               cinit        0011
wtemp0                             (abs)        007E


FUNCTION INFORMATION:

 *************** function _main *****************
 Defined at:
		line 16 in file "main.c"
 Parameters:    Size  Location     Type
		None
 Auto vars:     Size  Location     Type
		None
 Return value:  Size  Location     Type
                  1    wreg      void 
 Registers used:
		wreg, fsr0l, fsr0h, status,2, status,0, pclath, cstack
 Tracked objects:
		On entry : 
		On exit  : 
		Unchanged: 
 Data sizes:     COMMON   BANK0   BANK1   BANK2
      Params:         0       0       0       0
      Locals:         0       0       0       0
      Temps:          0       0       0       0
      Totals:         0       0       0       0
Total ram usage:        0 bytes
 Hardware stack levels required when called:    5
 This function calls:
		_cancela_init
		_cancela_task
		_ihm_init
		_key_read
		_motor_init
		_motor_task
		_request_print_ticket
		_timer0_init
 This function is called by:
		Startup code after reset
 This function uses a non-reentrant model


 *************** function _timer0_init *****************
 Defined at:
		line 54 in file "timer.c"
 Parameters:    Size  Location     Type
		None
 Auto vars:     Size  Location     Type
		None
 Return value:  Size  Location     Type
                  1    wreg      void 
 Registers used:
		wreg
 Tracked objects:
		On entry : 
		On exit  : 
		Unchanged: 
 Data sizes:     COMMON   BANK0   BANK1   BANK2
      Params:         0       0       0       0
      Locals:         0       0       0       0
      Temps:          0       0       0       0
      Totals:         0       0       0       0
Total ram usage:        0 bytes
 Hardware stack levels used:    1
 Hardware stack levels required when called:    1
 This function calls:
		Nothing
 This function is called by:
		_main
 This function uses a non-reentrant model


 *************** function _request_print_ticket *****************
 Defined at:
		line 142 in file "cancela/cancela.c"
 Parameters:    Size  Location     Type
		None
 Auto vars:     Size  Location     Type
		None
 Return value:  Size  Location     Type
                  1    wreg      void 
 Registers used:
		wreg
 Tracked objects:
		On entry : 
		On exit  : 
		Unchanged: 
 Data sizes:     COMMON   BANK0   BANK1   BANK2
      Params:         0       0       0       0
      Locals:         0       0       0       0
      Temps:          0       0       0       0
      Totals:         0       0       0       0
Total ram usage:        0 bytes
 Hardware stack levels used:    1
 Hardware stack levels required when called:    1
 This function calls:
		Nothing
 This function is called by:
		_main
 This function uses a non-reentrant model


 *************** function _motor_task *****************
 Defined at:
		line 12 in file "motor/motor.c"
 Parameters:    Size  Location     Type
		None
 Auto vars:     Size  Location     Type
		None
 Return value:  Size  Location     Type
                  1    wreg      void 
 Registers used:
		wreg, fsr0l, fsr0h, status,2, status,0, pclath, cstack
 Tracked objects:
		On entry : 
		On exit  : 
		Unchanged: 
 Data sizes:     COMMON   BANK0   BANK1   BANK2
      Params:         0       0       0       0
      Locals:         0       0       0       0
      Temps:          0       0       0       0
      Totals:         0       0       0       0
Total ram usage:        0 bytes
 Hardware stack levels used:    1
 Hardware stack levels required when called:    3
 This function calls:
		_motor_handle
 This function is called by:
		_main
 This function uses a non-reentrant model


 *************** function _motor_handle *****************
 Defined at:
		line 30 in file "motor/motor.c"
 Parameters:    Size  Location     Type
  motor           1    wreg     PTR struct .
		 -> motor_saida(5), motor_entrada(5), 
 Auto vars:     Size  Location     Type
  motor           1    9[BANK0 ] PTR struct .
		 -> motor_saida(5), motor_entrada(5), 
  step            1    8[BANK0 ] unsigned char 
  coils           1    7[BANK0 ] unsigned char 
 Return value:  Size  Location     Type
                  1    wreg      void 
 Registers used:
		wreg, fsr0l, fsr0h, status,2, status,0, pclath, cstack
 Tracked objects:
		On entry : 
		On exit  : 
		Unchanged: 
 Data sizes:     COMMON   BANK0   BANK1   BANK2
      Params:         0       0       0       0
      Locals:         0       7       0       0
      Temps:          0       3       0       0
      Totals:         0      10       0       0
Total ram usage:       10 bytes
 Hardware stack levels used:    1
 Hardware stack levels required when called:    2
 This function calls:
		_motor_entrada_set
		_motor_saida_set
 This function is called by:
		_motor_task
 This function uses a non-reentrant model


 *************** function _motor_init *****************
 Defined at:
		line 157 in file "motor/motor.c"
 Parameters:    Size  Location     Type
		None
 Auto vars:     Size  Location     Type
		None
 Return value:  Size  Location     Type
                  1    wreg      void 
 Registers used:
		wreg, fsr0l, fsr0h, status,2, status,0, pclath, cstack
 Tracked objects:
		On entry : 
		On exit  : 
		Unchanged: 
 Data sizes:     COMMON   BANK0   BANK1   BANK2
      Params:         0       0       0       0
      Locals:         0       0       0       0
      Temps:          0       0       0       0
      Totals:         0       0       0       0
Total ram usage:        0 bytes
 Hardware stack levels used:    1
 Hardware stack levels required when called:    3
 This function calls:
		_motor_entrada_init
		_motor_saida_init
 This function is called by:
		_main
 This function uses a non-reentrant model


 *************** function _motor_saida_init *****************
 Defined at:
		line 139 in file "motor/motor.c"
 Parameters:    Size  Location     Type
		None
 Auto vars:     Size  Location     Type
		None
 Return value:  Size  Location     Type
                  1    wreg      void 
 Registers used:
		wreg, fsr0l, fsr0h, status,2, status,0, pclath, cstack
 Tracked objects:
		On entry : 
		On exit  : 
		Unchanged: 
 Data sizes:     COMMON   BANK0   BANK1   BANK2
      Params:         0       0       0       0
      Locals:         0       0       0       0
      Temps:          1       0       0       0
      Totals:         1       0       0       0
Total ram usage:        1 bytes
 Hardware stack levels used:    1
 Hardware stack levels required when called:    2
 This function calls:
		_motor_off
		_motor_saida_set
 This function is called by:
		_motor_init
 This function uses a non-reentrant model


 *************** function _motor_entrada_set *****************
 Defined at:
		line 94 in file "motor/motor.c"
 Parameters:    Size  Location     Type
  val             1    4[COMMON] unsigned char 
 Auto vars:     Size  Location     Type
		None
 Return value:  Size  Location     Type
                  1    wreg      void 
 Registers used:
		wreg, status,2, status,0
 Tracked objects:
		On entry : 
		On exit  : 
		Unchanged: 
 Data sizes:     COMMON   BANK0   BANK1   BANK2
      Params:         1       0       0       0
      Locals:         0       0       0       0
      Temps:          1       0       0       0
      Totals:         2       0       0       0
Total ram usage:        2 bytes
 Hardware stack levels used:    1
 Hardware stack levels required when called:    1
 This function calls:
		Nothing
 This function is called by:
		_motor_entrada_init
		_motor_handle
 This function uses a non-reentrant model


 *************** function _motor_saida_set *****************
 Defined at:
		line 108 in file "motor/motor.c"
 Parameters:    Size  Location     Type
  val             1    4[COMMON] unsigned char 
 Auto vars:     Size  Location     Type
		None
 Return value:  Size  Location     Type
                  1    wreg      void 
 Registers used:
		wreg, status,2, status,0
 Tracked objects:
		On entry : 
		On exit  : 
		Unchanged: 
 Data sizes:     COMMON   BANK0   BANK1   BANK2
      Params:         1       0       0       0
      Locals:         0       0       0       0
      Temps:          1       0       0       0
      Totals:         2       0       0       0
Total ram usage:        2 bytes
 Hardware stack levels used:    1
 Hardware stack levels required when called:    1
 This function calls:
		Nothing
 This function is called by:
		_motor_saida_init
		_motor_handle
 This function uses a non-reentrant model


 *************** function _motor_entrada_init *****************
 Defined at:
		line 121 in file "motor/motor.c"
 Parameters:    Size  Location     Type
		None
 Auto vars:     Size  Location     Type
		None
 Return value:  Size  Location     Type
                  1    wreg      void 
 Registers used:
		wreg, fsr0l, fsr0h, status,2, status,0, pclath, cstack
 Tracked objects:
		On entry : 
		On exit  : 
		Unchanged: 
 Data sizes:     COMMON   BANK0   BANK1   BANK2
      Params:         0       0       0       0
      Locals:         0       0       0       0
      Temps:          1       0       0       0
      Totals:         1       0       0       0
Total ram usage:        1 bytes
 Hardware stack levels used:    1
 Hardware stack levels required when called:    2
 This function calls:
		_motor_entrada_set
		_motor_off
 This function is called by:
		_motor_init
 This function uses a non-reentrant model


 *************** function _motor_off *****************
 Defined at:
		line 82 in file "motor/motor.c"
 Parameters:    Size  Location     Type
  motor           1    wreg     PTR struct .
		 -> motor_saida(5), motor_entrada(5), 
 Auto vars:     Size  Location     Type
  motor           1    5[COMMON] PTR struct .
		 -> motor_saida(5), motor_entrada(5), 
 Return value:  Size  Location     Type
                  1    wreg      void 
 Registers used:
		wreg, fsr0l, fsr0h, status,2, status,0
 Tracked objects:
		On entry : 
		On exit  : 
		Unchanged: 
 Data sizes:     COMMON   BANK0   BANK1   BANK2
      Params:         0       0       0       0
      Locals:         1       0       0       0
      Temps:          1       0       0       0
      Totals:         2       0       0       0
Total ram usage:        2 bytes
 Hardware stack levels used:    1
 Hardware stack levels required when called:    1
 This function calls:
		Nothing
 This function is called by:
		_motor_entrada_init
		_motor_saida_init
 This function uses a non-reentrant model


 *************** function _key_read *****************
 Defined at:
		line 10 in file "ihm/key.c"
 Parameters:    Size  Location     Type
		None
 Auto vars:     Size  Location     Type
		None
 Return value:  Size  Location     Type
                  1    wreg      unsigned char 
 Registers used:
		wreg, status,2, status,0
 Tracked objects:
		On entry : 
		On exit  : 
		Unchanged: 
 Data sizes:     COMMON   BANK0   BANK1   BANK2
      Params:         0       0       0       0
      Locals:         0       0       0       0
      Temps:          1       0       0       0
      Totals:         1       0       0       0
Total ram usage:        1 bytes
 Hardware stack levels used:    1
 Hardware stack levels required when called:    1
 This function calls:
		Nothing
 This function is called by:
		_main
 This function uses a non-reentrant model


 *************** function _ihm_init *****************
 Defined at:
		line 25 in file "ihm/key.c"
 Parameters:    Size  Location     Type
		None
 Auto vars:     Size  Location     Type
		None
 Return value:  Size  Location     Type
                  1    wreg      void 
 Registers used:
		wreg
 Tracked objects:
		On entry : 
		On exit  : 
		Unchanged: 
 Data sizes:     COMMON   BANK0   BANK1   BANK2
      Params:         0       0       0       0
      Locals:         0       0       0       0
      Temps:          1       0       0       0
      Totals:         1       0       0       0
Total ram usage:        1 bytes
 Hardware stack levels used:    1
 Hardware stack levels required when called:    1
 This function calls:
		Nothing
 This function is called by:
		_main
 This function uses a non-reentrant model


 *************** function _cancela_task *****************
 Defined at:
		line 17 in file "cancela/cancela.c"
 Parameters:    Size  Location     Type
		None
 Auto vars:     Size  Location     Type
		None
 Return value:  Size  Location     Type
                  1    wreg      void 
 Registers used:
		wreg, fsr0l, fsr0h, status,2, status,0, pclath, cstack
 Tracked objects:
		On entry : 
		On exit  : 
		Unchanged: 
 Data sizes:     COMMON   BANK0   BANK1   BANK2
      Params:         0       0       0       0
      Locals:         0       0       0       0
      Temps:          0       0       0       0
      Totals:         0       0       0       0
Total ram usage:        0 bytes
 Hardware stack levels used:    1
 Hardware stack levels required when called:    4
 This function calls:
		_handle_cancela_entrada
		_handle_cancela_saida
 This function is called by:
		_main
 This function uses a non-reentrant model


 *************** function _handle_cancela_saida *****************
 Defined at:
		line 62 in file "cancela/cancela.c"
 Parameters:    Size  Location     Type
		None
 Auto vars:     Size  Location     Type
		None
 Return value:  Size  Location     Type
                  1    wreg      void 
 Registers used:
		None
 Tracked objects:
		On entry : 
		On exit  : 
		Unchanged: 
 Data sizes:     COMMON   BANK0   BANK1   BANK2
      Params:         0       0       0       0
      Locals:         0       0       0       0
      Temps:          0       0       0       0
      Totals:         0       0       0       0
Total ram usage:        0 bytes
 Hardware stack levels used:    1
 Hardware stack levels required when called:    1
 This function calls:
		Nothing
 This function is called by:
		_cancela_task
 This function uses a non-reentrant model


 *************** function _handle_cancela_entrada *****************
 Defined at:
		line 29 in file "cancela/cancela.c"
 Parameters:    Size  Location     Type
		None
 Auto vars:     Size  Location     Type
		None
 Return value:  Size  Location     Type
                  1    wreg      void 
 Registers used:
		wreg, fsr0l, fsr0h, status,2, status,0, pclath, cstack
 Tracked objects:
		On entry : 
		On exit  : 
		Unchanged: 
 Data sizes:     COMMON   BANK0   BANK1   BANK2
      Params:         0       0       0       0
      Locals:         0       0       0       0
      Temps:          0       0       0       0
      Totals:         0       0       0       0
Total ram usage:        0 bytes
 Hardware stack levels used:    1
 Hardware stack levels required when called:    3
 This function calls:
		_cancela_entrada_close
		_cancela_entrada_open
		_ticket_ok
		_veiculo_presente_entrada
 This function is called by:
		_cancela_task
 This function uses a non-reentrant model


 *************** function _veiculo_presente_entrada *****************
 Defined at:
		line 157 in file "cancela/cancela.c"
 Parameters:    Size  Location     Type
		None
 Auto vars:     Size  Location     Type
		None
 Return value:  Size  Location     Type
                  1    wreg      unsigned char 
 Registers used:
		wreg, status,0
 Tracked objects:
		On entry : 
		On exit  : 
		Unchanged: 
 Data sizes:     COMMON   BANK0   BANK1   BANK2
      Params:         0       0       0       0
      Locals:         0       0       0       0
      Temps:          0       0       0       0
      Totals:         0       0       0       0
Total ram usage:        0 bytes
 Hardware stack levels used:    1
 Hardware stack levels required when called:    1
 This function calls:
		Nothing
 This function is called by:
		_handle_cancela_entrada
 This function uses a non-reentrant model


 *************** function _ticket_ok *****************
 Defined at:
		line 179 in file "cancela/cancela.c"
 Parameters:    Size  Location     Type
		None
 Auto vars:     Size  Location     Type
		None
 Return value:  Size  Location     Type
                  1    wreg      unsigned char 
 Registers used:
		wreg, status,2, status,0
 Tracked objects:
		On entry : 
		On exit  : 
		Unchanged: 
 Data sizes:     COMMON   BANK0   BANK1   BANK2
      Params:         0       0       0       0
      Locals:         0       0       0       0
      Temps:          1       0       0       0
      Totals:         1       0       0       0
Total ram usage:        1 bytes
 Hardware stack levels used:    1
 Hardware stack levels required when called:    1
 This function calls:
		Nothing
 This function is called by:
		_handle_cancela_entrada
 This function uses a non-reentrant model


 *************** function _cancela_entrada_open *****************
 Defined at:
		line 71 in file "cancela/cancela.c"
 Parameters:    Size  Location     Type
		None
 Auto vars:     Size  Location     Type
		None
 Return value:  Size  Location     Type
                  1    wreg      void 
 Registers used:
		wreg, fsr0l, fsr0h, status,2, status,0, pclath, cstack
 Tracked objects:
		On entry : 
		On exit  : 
		Unchanged: 
 Data sizes:     COMMON   BANK0   BANK1   BANK2
      Params:         0       0       0       0
      Locals:         0       0       0       0
      Temps:          0       1       0       0
      Totals:         0       1       0       0
Total ram usage:        1 bytes
 Hardware stack levels used:    1
 Hardware stack levels required when called:    2
 This function calls:
		_motor_start
 This function is called by:
		_handle_cancela_entrada
 This function uses a non-reentrant model


 *************** function _cancela_entrada_close *****************
 Defined at:
		line 84 in file "cancela/cancela.c"
 Parameters:    Size  Location     Type
		None
 Auto vars:     Size  Location     Type
		None
 Return value:  Size  Location     Type
                  1    wreg      void 
 Registers used:
		wreg, fsr0l, fsr0h, status,2, status,0, pclath, cstack
 Tracked objects:
		On entry : 
		On exit  : 
		Unchanged: 
 Data sizes:     COMMON   BANK0   BANK1   BANK2
      Params:         0       0       0       0
      Locals:         0       0       0       0
      Temps:          0       1       0       0
      Totals:         0       1       0       0
Total ram usage:        1 bytes
 Hardware stack levels used:    1
 Hardware stack levels required when called:    2
 This function calls:
		_motor_start
 This function is called by:
		_handle_cancela_entrada
 This function uses a non-reentrant model


 *************** function _motor_start *****************
 Defined at:
		line 69 in file "motor/motor.c"
 Parameters:    Size  Location     Type
  motor           1    wreg     PTR struct .
		 -> motor_saida(5), motor_entrada(5), 
  direction       1    4[COMMON] enum E615
  voltas          1    5[COMMON] unsigned char 
 Auto vars:     Size  Location     Type
  motor           1    0[BANK0 ] PTR struct .
		 -> motor_saida(5), motor_entrada(5), 
 Return value:  Size  Location     Type
                  1    wreg      void 
 Registers used:
		wreg, fsr0l, fsr0h, status,2, status,0
 Tracked objects:
		On entry : 
		On exit  : 
		Unchanged: 
 Data sizes:     COMMON   BANK0   BANK1   BANK2
      Params:         2       0       0       0
      Locals:         0       1       0       0
      Temps:          1       0       0       0
      Totals:         3       1       0       0
Total ram usage:        4 bytes
 Hardware stack levels used:    1
 Hardware stack levels required when called:    1
 This function calls:
		Nothing
 This function is called by:
		_cancela_entrada_open
		_cancela_entrada_close
		_cancela_saida_open
		_cancela_saida_close
 This function uses a non-reentrant model


 *************** function _cancela_init *****************
 Defined at:
		line 123 in file "cancela/cancela.c"
 Parameters:    Size  Location     Type
		None
 Auto vars:     Size  Location     Type
		None
 Return value:  Size  Location     Type
                  1    wreg      void 
 Registers used:
		wreg, status,2, status,0
 Tracked objects:
		On entry : 
		On exit  : 
		Unchanged: 
 Data sizes:     COMMON   BANK0   BANK1   BANK2
      Params:         0       0       0       0
      Locals:         0       0       0       0
      Temps:          1       0       0       0
      Totals:         1       0       0       0
Total ram usage:        1 bytes
 Hardware stack levels used:    1
 Hardware stack levels required when called:    1
 This function calls:
		Nothing
 This function is called by:
		_main
 This function uses a non-reentrant model


 *************** function _tc_int *****************
 Defined at:
		line 15 in file "timer.c"
 Parameters:    Size  Location     Type
		None
 Auto vars:     Size  Location     Type
		None
 Return value:  Size  Location     Type
                  1    wreg      void 
 Registers used:
		wreg, status,2, status,0
 Tracked objects:
		On entry : 
		On exit  : 
		Unchanged: 
 Data sizes:     COMMON   BANK0   BANK1   BANK2
      Params:         0       0       0       0
      Locals:         0       0       0       0
      Temps:          4       0       0       0
      Totals:         4       0       0       0
Total ram usage:        4 bytes
 Hardware stack levels used:    1
 This function calls:
		Nothing
 This function is called by:
		Interrupt level 1
 This function uses a non-reentrant model



MODULE INFORMATION

Module		Function		Class		Link	Load	Size
timer.c
		_tc_int        		CODE           	00A3	0000	50
		_timer0_init   		CODE           	01FA	0000	11

timer.c estimated size: 61

cancela/cancela.c
		_cancela_entrada_open		CODE           	01DF	0000	15
		_cancela_entrada_close		CODE           	01C2	0000	16
		_handle_cancela_saida		CODE           	0239	0000	2
		_ticket_ok     		CODE           	0228	0000	8
		_cancela_task  		CODE           	0235	0000	4
		_cancela_init  		CODE           	01A3	0000	17
		_handle_cancela_entrada		CODE           	00FF	0000	44
		_request_print_ticket		CODE           	0204	0000	11
		_veiculo_presente_entrada		CODE           	0217	0000	10

cancela/cancela.c estimated size: 127

shared
		__initialization		CODE           	0011	0000	27
		__fptable      		ENTRY          	002D	0000	9

shared estimated size: 36

ihm/key.c
		_ihm_init      		CODE           	0220	0000	9
		_key_read      		CODE           	01B3	0000	16

ihm/key.c estimated size: 25

motor/motor.c
		_motor_handle  		CODE           	0035	0000	111
		_motor_saida_set		CODE           	00D4	0000	44
		_motor_task    		CODE           	0192	0000	18
		_motor_entrada_set		CODE           	012A	0000	42
		_motor_start   		CODE           	0153	0000	26
		_motor_entrada_init		CODE           	017F	0000	20
		_motor_init    		CODE           	020E	0000	10
		_motor_saida_init		CODE           	016C	0000	20
		_motor_off     		CODE           	01ED	0000	14

motor/motor.c estimated size: 305

main.c
		_main          		CODE           	01D1	0000	15

main.c estimated size: 15

